// Jest Snapshot v1, https://goo.gl/fbAQLP

exports[`NavBar renders correctly 1`] = `
<nav>
  <div
    class="nav-header"
  >
    <div
      class="text-input"
    >
      <input
        class="aqa-input-add-user"
        type="text"
      />
       
      <button
        class="btn-add aqa-button-add"
      >
        
        Add
      
      </button>
    </div>
     
    <div
      class="account"
    >
      <span
        class="name"
      >
        accountName
      </span>
       
      <img
        class="avatar"
        height="40"
        src="accountAvatar"
        width="40"
      />
    </div>
  </div>
</nav>
`;
